<area shape="rect" id="node15" href="index.php?nodeID=0&amp;filename=7.40.new.mem.lcctm.dat&amp;checkedflags=-mem -ins -ibf -flop&amp;summary_threshold_ratio=4.4&amp;exefile=" title="main \n #invoke: 1 \n 100.0% (0.0%) " alt="" coords="893,18,1040,93">
<area shape="rect" id="node16" href="index.php?nodeID=67&amp;filename=7.40.new.mem.lcctm.dat&amp;checkedflags=-mem -ins -ibf -flop&amp;summary_threshold_ratio=4.4&amp;exefile=" title="run_graph500 \n #invoke: 1 \n 100.0% (0.0%) " alt="" coords="893,141,1040,215">
<area shape="rect" id="node17" href="index.php?nodeID=460&amp;filename=7.40.new.mem.lcctm.dat&amp;checkedflags=-mem -ins -ibf -flop&amp;summary_threshold_ratio=4.4&amp;exefile=" title="graph_generation \n #invoke: 1 \n 31.2% (0.0%) " alt="" coords="649,263,807,338">
<area shape="rect" id="node31" href="index.php?nodeID=1032&amp;filename=7.40.new.mem.lcctm.dat&amp;checkedflags=-mem -ins -ibf -flop&amp;summary_threshold_ratio=4.4&amp;exefile=" title="graph_construction \n #invoke: 1 \n 18.1% (0.0%) " alt="" coords="881,263,1052,338">
<area shape="rect" id="node48" href="index.php?nodeID=1967&amp;filename=7.40.new.mem.lcctm.dat&amp;checkedflags=-mem -ins -ibf -flop&amp;summary_threshold_ratio=4.4&amp;exefile=" title="parallel_breadth_first_search \n #invoke: 1 \n 50.8% (0.0%) " alt="" coords="1109,263,1355,338">
<area shape="poly" id="node18" href="index.php?nodeID=476&amp;filename=7.40.new.mem.lcctm.dat&amp;checkedflags=-mem -ins -ibf -flop&amp;summary_threshold_ratio=4.4&amp;exefile=" title="loop 19&lt;br/&gt;#invoke: 1 &#160;&#160;#itr: 1&lt;br/&gt; &#160;&#160;generation.c:91 &lt;br/&gt; 31.2% (0.0%) " alt="" coords="818,459,813,437,796,416,770,400,737,390,700,386,663,390,630,400,604,416,587,437,582,459,587,482,604,502,630,518,663,529,700,532,737,529,770,518,796,502,813,482">
<area shape="rect" id="node19" href="index.php?nodeID=637&amp;filename=7.40.new.mem.lcctm.dat&amp;checkedflags=-mem -ins -ibf -flop&amp;summary_threshold_ratio=4.4&amp;exefile=" title="generate_kron_edges \n #invoke: 1 \n 31.2% (0.0%) " alt="" coords="581,611,766,686">
<area shape="rect" id="node20" href="index.php?nodeID=689&amp;filename=7.40.new.mem.lcctm.dat&amp;checkedflags=-mem -ins -ibf -flop&amp;summary_threshold_ratio=4.4&amp;exefile=" title="GOMP_parallel_start \n #invoke: 2 \n 31.1% (0.0%) " alt="" coords="567,764,753,839">
<area shape="rect" id="node21" href="index.php?nodeID=690&amp;filename=7.40.new.mem.lcctm.dat&amp;checkedflags=-mem -ins -ibf -flop&amp;summary_threshold_ratio=4.4&amp;exefile=" title="GOMP_parallel_end \n #invoke: 2 \n 31.1% (0.0%) " alt="" coords="561,887,743,961">
<area shape="rect" id="node22" href="index.php?nodeID=691&amp;filename=7.40.new.mem.lcctm.dat&amp;checkedflags=-mem -ins -ibf -flop&amp;summary_threshold_ratio=4.4&amp;exefile=" title="GOMP_taskwait \n #invoke: 2 \n 31.1% (0.0%) " alt="" coords="561,1045,713,1120">
<area shape="rect" id="node23" href="index.php?nodeID=699&amp;filename=7.40.new.mem.lcctm.dat&amp;checkedflags=-mem -ins -ibf -flop&amp;summary_threshold_ratio=4.4&amp;exefile=" title="generate_kron_edges.omp_fn.0 \n #invoke: 1 \n 30.9% (0.0%) " alt="" coords="489,1204,751,1279">
<area shape="rect" id="node24" href="index.php?nodeID=708&amp;filename=7.40.new.mem.lcctm.dat&amp;checkedflags=-mem -ins -ibf -flop&amp;summary_threshold_ratio=4.4&amp;exefile=" title="generate_kronecker_edges \n #invoke: 1 \n 30.9% (0.0%) " alt="" coords="501,1327,726,1401">
<area shape="poly" id="node25" href="index.php?nodeID=721&amp;filename=7.40.new.mem.lcctm.dat&amp;checkedflags=-mem -ins -ibf -flop&amp;summary_threshold_ratio=4.4&amp;exefile=" title="loop 261 \n #invoke: 1 &#160;&#160;#itr: 16777216 \n 30.9% (1.8%) " alt="" coords="774,1522,765,1506,742,1491,705,1480,658,1472,607,1470,555,1472,509,1480,472,1491,448,1506,440,1522,448,1539,472,1553,509,1565,555,1573,607,1575,658,1573,705,1565,742,1553,765,1539">
<area shape="rect" id="node26" href="index.php?nodeID=722&amp;filename=7.40.new.mem.lcctm.dat&amp;checkedflags=-mem -ins -ibf -flop&amp;summary_threshold_ratio=4.4&amp;exefile=" title="mrg_skip \n #invoke: 16777216 \n 10.8% (0.2%) " alt="" coords="197,1674,374,1749">
<area shape="poly" id="node29" href="index.php?nodeID=723&amp;filename=7.40.new.mem.lcctm.dat&amp;checkedflags=-mem -ins -ibf -flop&amp;summary_threshold_ratio=4.4&amp;exefile=" title="loop 262 \n #invoke: 16777216\n &#160;#itr: 20.00 [min=20, max=21] \n 16.9% (7.0%) " alt="" coords="791,1712,782,1691,756,1672,715,1657,664,1647,607,1644,550,1647,498,1657,457,1672,431,1691,422,1712,431,1733,457,1751,498,1766,550,1776,607,1779,664,1776,715,1766,756,1751,782,1733">
<area shape="poly" id="node27" href="index.php?nodeID=730&amp;filename=7.40.new.mem.lcctm.dat&amp;checkedflags=-mem -ins -ibf -flop&amp;summary_threshold_ratio=4.4&amp;exefile=" title="loop 257 \n #invoke: 16777215\n &#160;#itr: 3.00 [min=1, max=3] \n 10.5% (0.4%) " alt="" coords="456,1901,447,1878,423,1858,385,1841,338,1831,285,1827,233,1831,185,1841,148,1858,123,1878,115,1901,123,1923,148,1944,185,1960,233,1970,285,1974,338,1970,385,1960,423,1944,447,1923">
<area shape="rect" id="node28" href="index.php?nodeID=731&amp;filename=7.40.new.mem.lcctm.dat&amp;checkedflags=-mem -ins -ibf -flop&amp;summary_threshold_ratio=4.4&amp;exefile=" title="mrg_apply_transition \n #invoke: 50135040 \n 10.1% (10.1%) " alt="" coords="192,2022,379,2097">
<area shape="rect" id="node30" href="index.php?nodeID=724&amp;filename=7.40.new.mem.lcctm.dat&amp;checkedflags=-mem -ins -ibf -flop&amp;summary_threshold_ratio=4.4&amp;exefile=" title="mrg_get_uint_orig \n #invoke: 335545453 \n &#160;9.9% (9.9%) " alt="" coords="508,1863,695,1938">
<area shape="rect" id="node32" href="index.php?nodeID=1499&amp;filename=7.40.new.mem.lcctm.dat&amp;checkedflags=-mem -ins -ibf -flop&amp;summary_threshold_ratio=4.4&amp;exefile=" title="GOMP_parallel_start \n #invoke: 6 \n 17.5% (0.0%) " alt="" coords="873,422,1060,496">
<area shape="rect" id="node33" href="index.php?nodeID=1500&amp;filename=7.40.new.mem.lcctm.dat&amp;checkedflags=-mem -ins -ibf -flop&amp;summary_threshold_ratio=4.4&amp;exefile=" title="GOMP_parallel_end \n #invoke: 6 \n 17.5% (0.0%) " alt="" coords="876,611,1057,686">
<area shape="rect" id="node34" href="index.php?nodeID=1501&amp;filename=7.40.new.mem.lcctm.dat&amp;checkedflags=-mem -ins -ibf -flop&amp;summary_threshold_ratio=4.4&amp;exefile=" title="GOMP_taskwait \n #invoke: 6 \n 17.5% (0.0%) " alt="" coords="891,764,1043,839">
<area shape="rect" id="node35" href="index.php?nodeID=1694&amp;filename=7.40.new.mem.lcctm.dat&amp;checkedflags=-mem -ins -ibf -flop&amp;summary_threshold_ratio=4.4&amp;exefile=" title="sort_adjacency_list_by_degree.omp_fn.8 \n #invoke: 1 \n 16.1% (0.0%) " alt="" coords="800,887,1133,961">
<area shape="poly" id="node36" href="index.php?nodeID=1703&amp;filename=7.40.new.mem.lcctm.dat&amp;checkedflags=-mem -ins -ibf -flop&amp;summary_threshold_ratio=4.4&amp;exefile=" title="loop 64&lt;br/&gt;#invoke: 1 &#160;&#160;#itr: 646675&lt;br/&gt; &#160;&#160;construction.c:641 &lt;br/&gt; &#160;8.0% (0.0%) " alt="" coords="1097,1083,1089,1060,1068,1040,1034,1023,992,1013,945,1009,899,1013,856,1023,823,1040,801,1060,794,1083,801,1105,823,1126,856,1142,899,1152,945,1156,992,1152,1034,1142,1068,1126,1089,1105">
<area shape="poly" id="node42" href="index.php?nodeID=1832&amp;filename=7.40.new.mem.lcctm.dat&amp;checkedflags=-mem -ins -ibf -flop&amp;summary_threshold_ratio=4.4&amp;exefile=" title="loop 66&lt;br/&gt;#invoke: 1 &#160;&#160;#itr: 646675&lt;br/&gt; &#160;&#160;construction.c:656 &lt;br/&gt; &#160;8.0% (0.0%) " alt="" coords="1447,1083,1440,1060,1419,1040,1385,1023,1343,1013,1296,1009,1249,1013,1207,1023,1173,1040,1152,1060,1145,1083,1152,1105,1173,1126,1207,1142,1249,1152,1296,1156,1343,1152,1385,1142,1419,1126,1440,1105">
<area shape="rect" id="node37" href="index.php?nodeID=1704&amp;filename=7.40.new.mem.lcctm.dat&amp;checkedflags=-mem -ins -ibf -flop&amp;summary_threshold_ratio=4.4&amp;exefile=" title="uniq \n #invoke: 646675 \n &#160;8.0% (0.0%) " alt="" coords="866,1204,1025,1279">
<area shape="rect" id="node38" href="index.php?nodeID=1706&amp;filename=7.40.new.mem.lcctm.dat&amp;checkedflags=-mem -ins -ibf -flop&amp;summary_threshold_ratio=4.4&amp;exefile=" title="qsort \n #invoke: 646675 \n &#160;7.1% (0.0%) " alt="" coords="866,1327,1025,1401">
<area shape="rect" id="node39" href="index.php?nodeID=1707&amp;filename=7.40.new.mem.lcctm.dat&amp;checkedflags=-mem -ins -ibf -flop&amp;summary_threshold_ratio=4.4&amp;exefile=" title="qsort_r \n #invoke: 1 \n &#160;7.1% (0.0%) " alt="" coords="879,1485,1012,1560">
<area shape="rect" id="node40" href="index.php?nodeID=1708&amp;filename=7.40.new.mem.lcctm.dat&amp;checkedflags=-mem -ins -ibf -flop&amp;summary_threshold_ratio=4.4&amp;exefile=" title="msort_with_tmp \n #invoke: 66457541 \n &#160;7.0% (1.7%) " alt="" coords="857,1674,1034,1749">
<area shape="poly" id="node41" href="index.php?nodeID=1709&amp;filename=7.40.new.mem.lcctm.dat&amp;checkedflags=-mem -ins -ibf -flop&amp;summary_threshold_ratio=4.4&amp;exefile=" title="loop 1349 \n #invoke: 32905433\n &#160;#itr: 8.06 [min=1, max=137590] \n &#160;4.4% (2.6%) " alt="" coords="1149,1901,1139,1878,1110,1858,1065,1841,1008,1831,945,1827,883,1831,826,1841,781,1858,752,1878,742,1901,752,1923,781,1944,826,1960,883,1970,945,1974,1008,1970,1065,1960,1110,1944,1139,1923">
<area shape="rect" id="node43" href="index.php?nodeID=1833&amp;filename=7.40.new.mem.lcctm.dat&amp;checkedflags=-mem -ins -ibf -flop&amp;summary_threshold_ratio=4.4&amp;exefile=" title="uniq \n #invoke: 646675 \n &#160;8.0% (0.0%) " alt="" coords="1218,1204,1377,1279">
<area shape="rect" id="node44" href="index.php?nodeID=1835&amp;filename=7.40.new.mem.lcctm.dat&amp;checkedflags=-mem -ins -ibf -flop&amp;summary_threshold_ratio=4.4&amp;exefile=" title="qsort \n #invoke: 646675 \n &#160;7.1% (0.0%) " alt="" coords="1218,1327,1377,1401">
<area shape="rect" id="node45" href="index.php?nodeID=1836&amp;filename=7.40.new.mem.lcctm.dat&amp;checkedflags=-mem -ins -ibf -flop&amp;summary_threshold_ratio=4.4&amp;exefile=" title="qsort_r \n #invoke: 1 \n &#160;7.1% (0.0%) " alt="" coords="1232,1485,1365,1560">
<area shape="rect" id="node46" href="index.php?nodeID=1837&amp;filename=7.40.new.mem.lcctm.dat&amp;checkedflags=-mem -ins -ibf -flop&amp;summary_threshold_ratio=4.4&amp;exefile=" title="msort_with_tmp \n #invoke: 66457541 \n &#160;7.0% (1.7%) " alt="" coords="1262,1674,1439,1749">
<area shape="poly" id="node47" href="index.php?nodeID=1838&amp;filename=7.40.new.mem.lcctm.dat&amp;checkedflags=-mem -ins -ibf -flop&amp;summary_threshold_ratio=4.4&amp;exefile=" title="loop 1349 \n #invoke: 32905433\n &#160;#itr: 8.06 [min=1, max=137590] \n &#160;4.4% (2.6%) " alt="" coords="1603,1901,1593,1878,1564,1858,1520,1841,1463,1831,1400,1827,1337,1831,1280,1841,1236,1858,1207,1878,1197,1901,1207,1923,1236,1944,1280,1960,1337,1970,1400,1974,1463,1970,1520,1960,1564,1944,1593,1923">
<area shape="poly" id="node49" href="index.php?nodeID=2150&amp;filename=7.40.new.mem.lcctm.dat&amp;checkedflags=-mem -ins -ibf -flop&amp;summary_threshold_ratio=4.4&amp;exefile=" title="loop 103&lt;br/&gt;#invoke: 1 &#160;&#160;#itr: 1&lt;br/&gt; &#160;&#160;bfs_driver.c:113 &lt;br/&gt; 50.8% (0.0%) " alt="" coords="1364,459,1358,437,1340,416,1313,400,1279,390,1241,386,1204,390,1169,400,1142,416,1125,437,1119,459,1125,482,1142,502,1169,518,1204,529,1241,532,1279,529,1313,518,1340,502,1358,482">
<area shape="poly" id="node50" href="index.php?nodeID=2159&amp;filename=7.40.new.mem.lcctm.dat&amp;checkedflags=-mem -ins -ibf -flop&amp;summary_threshold_ratio=4.4&amp;exefile=" title="loop 108&lt;br/&gt;#invoke: 1 &#160;&#160;#itr: 64&lt;br/&gt; &#160;&#160;bfs_driver.c:176 &lt;br/&gt; 50.8% (0.0%) " alt="" coords="1382,648,1376,627,1359,608,1332,593,1299,584,1261,580,1224,584,1190,593,1164,608,1147,627,1141,648,1147,669,1164,688,1190,703,1224,713,1261,716,1299,713,1332,703,1359,688,1376,669">
<area shape="rect" id="node51" href="index.php?nodeID=2221&amp;filename=7.40.new.mem.lcctm.dat&amp;checkedflags=-mem -ins -ibf -flop&amp;summary_threshold_ratio=4.4&amp;exefile=" title="__GI_memset \n #invoke: 64 \n &#160;4.6% (4.6%) " alt="" coords="1195,764,1328,839">
<area shape="rect" id="node52" href="index.php?nodeID=2595&amp;filename=7.40.new.mem.lcctm.dat&amp;checkedflags=-mem -ins -ibf -flop&amp;summary_threshold_ratio=4.4&amp;exefile=" title="validate_bfs_tree \n #invoke: 64 \n 44.7% (0.0%) " alt="" coords="1417,764,1572,839">
<area shape="rect" id="node53" href="index.php?nodeID=2621&amp;filename=7.40.new.mem.lcctm.dat&amp;checkedflags=-mem -ins -ibf -flop&amp;summary_threshold_ratio=4.4&amp;exefile=" title="GOMP_parallel_start \n #invoke: 256 \n 44.7% (0.0%) " alt="" coords="1483,887,1669,961">
<area shape="rect" id="node54" href="index.php?nodeID=2622&amp;filename=7.40.new.mem.lcctm.dat&amp;checkedflags=-mem -ins -ibf -flop&amp;summary_threshold_ratio=4.4&amp;exefile=" title="GOMP_parallel_end \n #invoke: 256 \n 44.7% (0.0%) " alt="" coords="1496,1045,1677,1120">
<area shape="rect" id="node55" href="index.php?nodeID=2623&amp;filename=7.40.new.mem.lcctm.dat&amp;checkedflags=-mem -ins -ibf -flop&amp;summary_threshold_ratio=4.4&amp;exefile=" title="GOMP_taskwait \n #invoke: 256 \n 44.7% (0.0%) " alt="" coords="1511,1204,1663,1279">
<area shape="rect" id="node56" href="index.php?nodeID=2679&amp;filename=7.40.new.mem.lcctm.dat&amp;checkedflags=-mem -ins -ibf -flop&amp;summary_threshold_ratio=4.4&amp;exefile=" title="validate_bfs_tree.omp_fn.0 \n #invoke: 64 \n 44.1% (0.0%) " alt="" coords="1471,1327,1703,1401">
<area shape="poly" id="node57" href="index.php?nodeID=2691&amp;filename=7.40.new.mem.lcctm.dat&amp;checkedflags=-mem -ins -ibf -flop&amp;summary_threshold_ratio=4.4&amp;exefile=" title="loop 120&lt;br/&gt;#invoke: 64 &#160;&#160;#itr: 16777216&lt;br/&gt; &#160;&#160;graph_generator.h:41 &lt;br/&gt; 44.1% (44.1%) " alt="" coords="1759,1522,1750,1500,1726,1479,1688,1463,1640,1453,1587,1449,1533,1453,1485,1463,1447,1479,1423,1500,1414,1522,1423,1545,1447,1565,1485,1582,1533,1592,1587,1596,1640,1592,1688,1582,1726,1565,1750,1545">
